Starting Diagnostic Test...
API Key: AIzaS...

------------------------------------------------
Testing Model: gemini-1.5-flash
Status: HTTP/1.1 404 Not Found
FAILED. Error Response:
{
  "error": {
    "code": 404,
    "message": "models/gemini-1.5-flash is not found for API version v1beta, or is not supported for generateContent. Call ListModels to see the list of available models and their supported methods.",
    "status": "NOT_FOUND"
  }
}

------------------------------------------------
Testing Model: gemini-2.5-flash
Status: HTTP/1.1 429 Too Many Requests
FAILED. Error Response:
{
  "error": {
    "code": 429,
    "message": "You exceeded your current quota, please check your plan and billing details. For more information on this error, head to: https://ai.google.dev/gemini-api/docs/rate-limits. To monitor your current usage, head to: https://ai.dev/rate-limit. ",
    "status": "RESOURCE_EXHAUSTED"
  }
}

------------------------------------------------
Testing Model: gemini-pro
Status: HTTP/1.1 404 Not Found
FAILED. Error Response:
{
  "error": {
    "code": 404,
    "message": "models/gemini-pro is not found for API version v1beta, or is not supported for generateContent. Call ListModels to see the list of available models and their supported methods.",
    "status": "NOT_FOUND"
  }
}

------------------------------------------------
Testing Model: gemini-1.5-pro
Status: HTTP/1.1 404 Not Found
FAILED. Error Response:
{
  "error": {
    "code": 404,
    "message": "models/gemini-1.5-pro is not found for API version v1beta, or is not supported for generateContent. Call ListModels to see the list of available models and their supported methods.",
    "status": "NOT_FOUND"
  }
}

------------------------------------------------
All models failed. Please check API Key billing or permissions.
